../Core/Src/main.c:130:5:main	3072	static
../Core/Src/main.c:244:6:SystemClock_Config	88	static
../Core/Src/main.c:290:13:MX_ADC1_Init	40	static
../Core/Src/main.c:353:13:MX_ADC2_Init	24	static
../Core/Src/main.c:403:13:MX_ADC3_Init	24	static
../Core/Src/main.c:453:13:MX_DMA2D_Init	8	static
../Core/Src/main.c:490:13:MX_I2C3_Init	8	static
../Core/Src/main.c:538:13:MX_LTDC_Init	112	static
../Core/Src/main.c:620:13:MX_SPI5_Init	8	static
../Core/Src/main.c:658:13:MX_USART1_UART_Init	8	static
../Core/Src/main.c:691:13:MX_USART3_UART_Init	8	static
../Core/Src/main.c:722:13:MX_DMA_Init	16	static
../Core/Src/main.c:736:13:MX_FMC_Init	40	static
../Core/Src/main.c:787:13:MX_GPIO_Init	64	static
../Core/Src/main.c:818:6:HAL_ADC_ConvCpltCallback	16	static
../Core/Src/main.c:824:6:DrawAxis	64	static
../Core/Src/main.c:929:6:DrawFFTSpectrum	32	static
../Core/Src/main.c:946:25:complex_add	48	static
../Core/Src/main.c:953:25:complex_sub	48	static
../Core/Src/main.c:962:25:complex_mul	48	static
../Core/Src/main.c:969:21:complex_abs	16	static
../Core/Src/main.c:974:18:twiddle_factor	48	static
../Core/Src/main.c:982:6:fft_recursive	80	static
../Core/Src/main.c:1069:6:map_to_frequency_bins	1064	static
../Core/Src/main.c:1115:6:fft	3120	static
../Core/Src/main.c:1188:6:generate_test_signal	2096	static
../Core/Src/main.c:1217:6:convert_to_float	32	static
../Core/Src/main.c:1230:6:Error_Handler	4	static,ignoring_inline_asm
