../Core/Src/stm32f4xx_hal_msp.c:64:6:HAL_MspInit	16	static
../Core/Src/stm32f4xx_hal_msp.c:87:6:HAL_ADC_MspInit	64	static
../Core/Src/stm32f4xx_hal_msp.c:181:6:HAL_ADC_MspDeInit	16	static
../Core/Src/stm32f4xx_hal_msp.c:245:6:HAL_DMA2D_MspInit	24	static
../Core/Src/stm32f4xx_hal_msp.c:268:6:HAL_DMA2D_MspDeInit	16	static
../Core/Src/stm32f4xx_hal_msp.c:290:6:HAL_I2C_MspInit	48	static
../Core/Src/stm32f4xx_hal_msp.c:335:6:HAL_I2C_MspDeInit	16	static
../Core/Src/stm32f4xx_hal_msp.c:366:6:HAL_LTDC_MspInit	112	static
../Core/Src/stm32f4xx_hal_msp.c:489:6:HAL_LTDC_MspDeInit	16	static
../Core/Src/stm32f4xx_hal_msp.c:549:6:HAL_SPI_MspInit	48	static
../Core/Src/stm32f4xx_hal_msp.c:587:6:HAL_SPI_MspDeInit	16	static
../Core/Src/stm32f4xx_hal_msp.c:617:6:HAL_UART_MspInit	56	static
../Core/Src/stm32f4xx_hal_msp.c:677:6:HAL_UART_MspDeInit	16	static
../Core/Src/stm32f4xx_hal_msp.c:720:13:HAL_FMC_MspInit	32	static
../Core/Src/stm32f4xx_hal_msp.c:826:6:HAL_SDRAM_MspInit	16	static
../Core/Src/stm32f4xx_hal_msp.c:838:13:HAL_FMC_MspDeInit	8	static
../Core/Src/stm32f4xx_hal_msp.c:912:6:HAL_SDRAM_MspDeInit	16	static
